{
  "schemasValidated": 30,
  "nonMessageToolFieldsIdentical": true,
  "failureWireBytes": 40719,
  "successWireBytes": 25523,
  "diffPaths": [
    "/toolsByName/interaction_verify",
    "/toolsByName/page_inspect",
    "/toolsByName/investigation_run",
    "/toolsByName/investigation_check/parameters/properties/trigger/enum",
    "/toolsByName/investigation_check/parameters/properties/evidenceRefs",
    "/toolsByName/investigation_check/parameters/required",
    "/toolsByName/investigation_check/parameters/x-optional",
    "/toolsByName/page_act/description",
    "/toolsByName/page_act/parameters/properties/requirementId",
    "/toolsByName/page_act/parameters/properties/verify",
    "/toolsByName/page_act/parameters/properties/ref",
    "/toolsByName/page_act/parameters/properties/nth/description",
    "/toolsByName/page_act/parameters/properties/nth/anyOf",
    "/toolsByName/page_act/parameters/properties/value/description",
    "/toolsByName/page_act/parameters/properties/url/description",
    "/toolsByName/page_act/parameters/properties/scrollY/description",
    "/toolsByName/page_act/parameters/required",
    "/toolsByName/page_act/parameters/x-optional",
    "/toolsByName/hypotheses_record/parameters/properties/trigger/anyOf",
    "/toolsByName/rule_check/description",
    "/toolsByName/rule_check/parameters/properties/evidenceRefs",
    "/toolsByName/rule_check/parameters/required",
    "/toolsByName/rule_check/parameters/x-optional",
    "/toolsByName/exploration_update/description",
    "/toolsByName/exploration_update/parameters/properties/sourceCandidates",
    "/toolsByName/exploration_update/parameters/properties/unexploredBranches/items/properties/trigger/enum",
    "/toolsByName/exploration_update/parameters/properties/selectItems",
    "/toolsByName/exploration_update/parameters/properties/recordGap",
    "/toolsByName/exploration_update/parameters/required",
    "/toolsByName/exploration_update/parameters/x-optional",
    "/toolsByName/run_finish/description",
    "/toolsByName/run_finish/parameters/properties/reason/description",
    "/toolsByName/journey_run"
  ],
  "wireBindingMatched": true
}
