vite v6.4.3 building for production...
transforming...
✓ 34 modules transformed.
rendering chunks...
computing gzip size...
../../dist/web/index.html                   0.36 kB │ gzip:  0.26 kB
../../dist/web/assets/index-CXdperhR.css    1.84 kB │ gzip:  0.81 kB
../../dist/web/assets/index-56jMJqsj.js   265.48 kB │ gzip: 85.63 kB
✓ built in 464ms
vite v6.4.3 building for production...
transforming...
✓ 34 modules transformed.
rendering chunks...
computing gzip size...
dist/index.html                   0.39 kB │ gzip:  0.28 kB
dist/assets/index-Cn9ikrP4.css    3.53 kB │ gzip:  1.20 kB
dist/assets/index-R3aC0kld.js   232.26 kB │ gzip: 72.16 kB
✓ built in 316ms
vite v6.4.3 building for production...
transforming...
✓ 31 modules transformed.
rendering chunks...
computing gzip size...
dist/index.html                   0.39 kB │ gzip:  0.27 kB
dist/assets/index-Bt7wR6p6.css    1.94 kB │ gzip:  0.77 kB
dist/assets/index-BPykemcR.js   229.38 kB │ gzip: 71.25 kB
✓ built in 307ms
Built server, workbench and both arenas. Start with pnpm start.
